=== prepare WikiText pool n_real=5000 n_train=30000 Wed Jun 10 04:21:02 CST 2026 ===
Generating validation split:   0%|          | 0/3760 [00:00<?, ? examples/s]Generating validation split: 100%|██████████| 3760/3760 [00:00<00:00, 296027.76 examples/s]
[*] 原始文本长度: 540,624,389 字符
[*] Tokenize 并切成 128-token 块 ...
[*] 总 token 数: 137,424,853
[*] 可用块数: 1,073,631
[*] Decode 块为文本 ...
[*] D_real  : 5,000 条 (128 tokens/条)
[*] D_train : 30,000 条 (128 tokens/条)
[保存] /mnt/d5f4cfb6-8afe-40a4-8650-2965046cd208/ludan/reaserch/dogeatshit/data/real_texts.json
[保存] /mnt/d5f4cfb6-8afe-40a4-8650-2965046cd208/ludan/reaserch/dogeatshit/data/train_texts.json

=== prepare Cosmopedia 15M tokens Wed Jun 10 05:08:28 CST 2026 ===
[*] 合成数据准备完成!
Fatal Python error: PyGILState_Release: thread state 0x7fa2840aa940 must be current when releasing
Python runtime state: finalizing (tstate=0x000055bdc87b2460)

Thread 0x00007fa39759b1c0 (most recent call first):
  <no Python frame>

Extension modules: lz4._version, lz4.frame._frame, zstandard.backend_c, numpy._core._multiarray_umath, numpy.linalg._umath_linalg, pyarrow.lib, numpy.random._common, numpy.random.bit_generator, numpy.random._bounded_integers, numpy.random._mt19937, numpy.random.mtrand, numpy.random._philox, numpy.random._pcg64, numpy.random._sfc64, numpy.random._generator, pandas._libs.tslibs.ccalendar, pandas._libs.tslibs.np_datetime, pandas._libs.tslibs.dtypes, pandas._libs.tslibs.base, pandas._libs.tslibs.nattype, pandas._libs.tslibs.timezones, pandas._libs.tslibs.fields, pandas._libs.tslibs.timedeltas, pandas._libs.tslibs.tzconversion, pandas._libs.tslibs.timestamps, pandas._libs.properties, pandas._libs.tslibs.offsets, pandas._libs.tslibs.strptime, pandas._libs.tslibs.parsing, pandas._libs.tslibs.conversion, pandas._libs.tslibs.period, pandas._libs.tslibs.vectorized, pandas._libs.ops_dispatch, pandas._libs.missing, pandas._libs.hashtable, pandas._libs.algos, pandas._libs.interval, pandas._libs.lib, pyarrow._compute, pandas._libs.ops, pandas._libs.hashing, pandas._libs.arrays, pandas._libs.tslib, pandas._libs.sparse, pandas._libs.internals, pandas._libs.indexing, pandas._libs.index, pandas._libs.writers, pandas._libs.join, pandas._libs.window.aggregations, pandas._libs.window.indexers, pandas._libs.reshape, pandas._libs.groupby, pandas._libs.json, pandas._libs.parsers, pandas._libs.testing, _brotli, charset_normalizer.md, charset_normalizer.cd, yaml._yaml, pyarrow._parquet, pyarrow._fs, pyarrow._azurefs, pyarrow._hdfs, pyarrow._gcsfs, pyarrow._s3fs, multidict._multidict, yarl._quoting_c, propcache._helpers_c, aiohttp._http_writer, aiohttp._http_parser, aiohttp._websocket.mask, aiohttp._websocket.reader_c, frozenlist._frozenlist, xxhash._xxhash, pyarrow._json, pyarrow._acero, pyarrow._csv, pyarrow._substrait, pyarrow._dataset, pyarrow._dataset_orc, pyarrow._parquet_encryption, pyarrow._dataset_parquet_encryption, pyarrow._dataset_parquet, scipy._lib._ccallback_c, scipy.sparse._sparsetools, _csparsetools, scipy.sparse._csparsetools, scipy.linalg._fblas, scipy.linalg._flapack, scipy.linalg.cython_lapack, scipy.linalg._cythonized_array_utils, scipy.linalg._solve_toeplitz, scipy.linalg._decomp_lu_cython, scipy.linalg._matfuncs_sqrtm_triu, scipy.linalg._matfuncs_expm, scipy.linalg._linalg_pythran, scipy.linalg.cython_blas, scipy.linalg._decomp_update, scipy.sparse.linalg._dsolve._superlu, scipy.sparse.linalg._eigen.arpack._arpack, scipy.sparse.linalg._propack._spropack, scipy.sparse.linalg._propack._dpropack, scipy.sparse.linalg._propack._cpropack, scipy.sparse.linalg._propack._zpropack, scipy.sparse.csgraph._tools, scipy.sparse.csgraph._shortest_path, scipy.sparse.csgraph._traversal, scipy.sparse.csgraph._min_spanning_tree, scipy.sparse.csgraph._flow, scipy.sparse.csgraph._matching, scipy.sparse.csgraph._reordering, scipy.io.matlab._mio_utils, scipy.io.matlab._streams, scipy.io.matlab._mio5_utils, torch._C, torch._C._dynamo.autograd_compiler, torch._C._dynamo.eval_frame, torch._C._dynamo.guards, torch._C._dynamo.utils, torch._C._fft, torch._C._linalg, torch._C._nested, torch._C._nn, torch._C._sparse, torch._C._special (total: 126)

=== DATA DONE Wed Jun 10 05:09:01 CST 2026 ===
-rw-rw-r-- 1 vicuna vicuna 2.5M Jun 10 05:08 data/real_texts.json
-rw-rw-r-- 1 vicuna vicuna  58M Jun 10 05:08 data/syn_cosmopedia_texts.json
-rw-rw-r-- 1 vicuna vicuna  15M Jun 10 05:08 data/train_texts.json
WikiText train pool: 30000
Cosmopedia pool: 15087
